// Jest Snapshot v1, https://goo.gl/fbAQLP

exports[`Header snap Header 1`] = `
"<Header search=\\"Дефо\\" selectedItem=\\"author\\" buttonUse={[Function: mockConstructor]}>
  <div className=\\"header\\">
    <h2 className=\\"main-title\\">
      Список книг
    </h2>
    <form onSubmit={[Function: sub]} className=\\"search\\">
      Критерий поиска
      <select value=\\"author\\" onChange={[Function: onChange]} className=\\"custom-select select-search\\">
        <option value=\\"def\\">
          По умолчанию
        </option>
        <option value=\\"name\\">
          По названию
        </option>
        <option value=\\"author\\">
          По автору
        </option>
        <option value=\\"genre\\">
          По жанру
        </option>
      </select>
      Поиск
      <input className=\\"form-control form-control-sm input-search\\" type=\\"text\\" onChange={[Function: onChange]} value=\\"Дефо\\" />
      <button type=\\"submit\\" onClick={[Function: sub]} className=\\"btn btn-secondary btn-search\\">
        Применить
      </button>
    </form>
  </div>
</Header>"
`;
