// Jest Snapshot v1, https://goo.gl/fbAQLP

exports[`App snap App 1`] = `
"<div className=\\"app-wrap\\">
  <Connect(Header) />
  <Connect(BookList) />
</div>"
`;
